#
# There is insufficient memory for the Java Runtime Environment to continue.
# Native memory allocation (mmap) failed to map 1073741824 bytes for G1 virtual space
# Possible reasons:
#   The system is out of physical RAM or swap space
#   The process is running with CompressedOops enabled, and the Java Heap may be blocking the growth of the native heap
# Possible solutions:
#   Reduce memory load on the system
#   Increase physical memory or swap space
#   Check if swap backing store is full
#   Decrease Java heap size (-Xmx/-Xms)
#   Decrease number of Java threads
#   Decrease Java thread stack sizes (-Xss)
#   Set larger code cache with -XX:ReservedCodeCacheSize=
#   JVM is running with Zero Based Compressed Oops mode in which the Java heap is
#     placed in the first 32GB address space. The Java Heap base address is the
#     maximum limit for the native heap growth. Please use -XX:HeapBaseMinAddress
#     to set the Java Heap base and to place the Java Heap above 32GB virtual address.
# This output file may be truncated or incomplete.
#
#  Out of Memory Error (os_windows.cpp:3825), pid=1852, tid=8732
#
# JRE version:  (17.0.9+7) (build )
# Java VM: OpenJDK 64-Bit Server VM (17.0.9+7-b1087.11, mixed mode, sharing, tiered, compressed oops, compressed class ptrs, g1 gc, windows-amd64)
# No core dump will be written. Minidumps are not enabled by default on client versions of Windows
#

---------------  S U M M A R Y ------------

Command Line: git4idea.http.GitAskPassApp Username for 'https://github.com': 

Host: AMD Ryzen 7 5800X 8-Core Processor             , 16 cores, 63G,  Windows 11 , 64 bit Build 22621 (10.0.22621.3374)
Time: Mon Apr 29 20:06:12 2024 Eastern Daylight Time elapsed time: 0.047673 seconds (0d 0h 0m 0s)

---------------  T H R E A D  ---------------

Current thread (0x000001d24e1ff410):  JavaThread "Unknown thread" [_thread_in_vm, id=8732, stack(0x0000003282100000,0x0000003282200000)]

Stack: [0x0000003282100000,0x0000003282200000]
Native frames: (J=compiled Java code, j=interpreted, Vv=VM code, C=native code)
V  [jvm.dll+0x688349]
V  [jvm.dll+0x841bfa]
V  [jvm.dll+0x84383e]
V  [jvm.dll+0x843ea3]
V  [jvm.dll+0x24bdef]
V  [jvm.dll+0x6850f9]
V  [jvm.dll+0x67988a]
V  [jvm.dll+0x30cbfb]
V  [jvm.dll+0x3140a6]
V  [jvm.dll+0x363ede]
V  [jvm.dll+0x36410f]
V  [jvm.dll+0x2e29c8]
V  [jvm.dll+0x2e3934]
V  [jvm.dll+0x812771]
V  [jvm.dll+0x371d41]
V  [jvm.dll+0x7f12bc]
V  [jvm.dll+0x3f59cf]
V  [jvm.dll+0x3f7601]
C  [jli.dll+0x528f]
C  [ucrtbase.dll+0x29333]
C  [KERNEL32.DLL+0x1257d]
C  [ntdll.dll+0x5aa48]


---------------  P R O C E S S  ---------------

Threads class SMR info:
_java_thread_list=0x00007fffe0a7df18, length=0, elements={
}

Java Threads: ( => current thread )

Other Threads:
  0x000001d279211020 GCTaskThread "GC Thread#0" [stack: 0x0000003282200000,0x0000003282300000] [id=12704]
  0x000001d279221f30 ConcurrentGCThread "G1 Main Marker" [stack: 0x0000003282300000,0x0000003282400000] [id=23812]
  0x000001d2792230f0 ConcurrentGCThread "G1 Conc#0" [stack: 0x0000003282400000,0x0000003282500000] [id=27212]

[error occurred during error reporting (printing all threads), id 0xc0000005, EXCEPTION_ACCESS_VIOLATION (0xc0000005) at pc=0x00007fffe0233597]

VM state: not at safepoint (not fully initialized)

VM Mutex/Monitor currently owned by a thread:  ([mutex/lock_event])
[0x000001d24e1fa830] Heap_lock - owner thread: 0x000001d24e1ff410

Heap address: 0x0000000401000000, size: 16368 MB, Compressed Oops mode: Zero based, Oop shift amount: 3

CDS archive(s) mapped at: [0x0000000000000000-0x0000000000000000-0x0000000000000000), size 0, SharedBaseAddress: 0x0000000800000000, ArchiveRelocationMode: 1.
Narrow klass base: 0x0000000000000000, Narrow klass shift: 0, Narrow klass range: 0x0

GC Precious Log:
<Empty>

Heap:
 garbage-first heap   total 0K, used 0K [0x0000000401000000, 0x0000000800000000)
  region size 8192K, 0 young (0K), 0 survivors (0K)
 Metaspace       used 0K, committed 0K, reserved 0K
  class space    used 0K, committed 0K, reserved 0K

Heap Regions: E=young(eden), S=young(survivor), O=old, HS=humongous(starts), HC=humongous(continues), CS=collection set, F=free, OA=open archive, CA=closed archive, TAMS=top-at-mark-start (previous, next)

Card table byte_map: [0x000001d265140000,0x000001d267140000] _byte_map_base: 0x000001d263138000

Marking Bits (Prev, Next): (CMBitMap*) 0x000001d279211640, (CMBitMap*) 0x000001d279211680
 Prev Bits: [0x000001d269140000, 0x000001d279100000)
 Next Bits: [0x000001d200000000, 0x000001d20ffc0000)

GC Heap History (0 events):
No events

Dll operation events (1 events):
Event: 0.031 Loaded shared library C:\Program Files\JetBrains\PyCharm 2023.3.3\jbr\bin\java.dll

Deoptimization events (0 events):
No events

Classes unloaded (0 events):
No events

Classes redefined (0 events):
No events

Internal exceptions (0 events):
No events

VM Operations (0 events):
No events

Events (0 events):
No events


Dynamic libraries:
0x00007ff6ef510000 - 0x00007ff6ef51a000 	C:\Program Files\JetBrains\PyCharm 2023.3.3\jbr\bin\java.exe
0x00007ff848ab0000 - 0x00007ff848cc6000 	C:\Windows\SYSTEM32\ntdll.dll
0x00007ff846ee0000 - 0x00007ff846fa4000 	C:\Windows\System32\KERNEL32.DLL
0x00007ff846400000 - 0x00007ff8467a7000 	C:\Windows\System32\KERNELBASE.dll
0x00007ff845dd0000 - 0x00007ff845ee1000 	C:\Windows\System32\ucrtbase.dll
0x00007fffdc3e0000 - 0x00007fffdc3f7000 	C:\Program Files\JetBrains\PyCharm 2023.3.3\jbr\bin\jli.dll
0x00007ff827490000 - 0x00007ff8274ab000 	C:\Program Files\JetBrains\PyCharm 2023.3.3\jbr\bin\VCRUNTIME140.dll
0x00007ff8478e0000 - 0x00007ff847a8e000 	C:\Windows\System32\USER32.dll
0x00007ff846120000 - 0x00007ff846146000 	C:\Windows\System32\win32u.dll
0x00007ff8489c0000 - 0x00007ff8489e9000 	C:\Windows\System32\GDI32.dll
0x00007ff830200000 - 0x00007ff830493000 	C:\Windows\WinSxS\amd64_microsoft.windows.common-controls_6595b64144ccf1df_6.0.22621.3235_none_270f74e173860f98\COMCTL32.dll
0x00007ff845ef0000 - 0x00007ff846009000 	C:\Windows\System32\gdi32full.dll
0x00007ff848470000 - 0x00007ff848517000 	C:\Windows\System32\msvcrt.dll
0x00007ff846080000 - 0x00007ff84611a000 	C:\Windows\System32\msvcp_win.dll
0x00007ff848970000 - 0x00007ff8489a1000 	C:\Windows\System32\IMM32.DLL
0x00007ff8282d0000 - 0x00007ff8282dc000 	C:\Program Files\JetBrains\PyCharm 2023.3.3\jbr\bin\vcruntime140_1.dll
0x00007ff824220000 - 0x00007ff8242ad000 	C:\Program Files\JetBrains\PyCharm 2023.3.3\jbr\bin\msvcp140.dll
0x00007fffdff40000 - 0x00007fffe0bc2000 	C:\Program Files\JetBrains\PyCharm 2023.3.3\jbr\bin\server\jvm.dll
0x00007ff848650000 - 0x00007ff848702000 	C:\Windows\System32\ADVAPI32.dll
0x00007ff8488c0000 - 0x00007ff848968000 	C:\Windows\System32\sechost.dll
0x00007ff8467b0000 - 0x00007ff8467d8000 	C:\Windows\System32\bcrypt.dll
0x00007ff846cd0000 - 0x00007ff846de5000 	C:\Windows\System32\RPCRT4.dll
0x00007ff83e160000 - 0x00007ff83e194000 	C:\Windows\SYSTEM32\WINMM.dll
0x00007ff83cdd0000 - 0x00007ff83cdda000 	C:\Windows\SYSTEM32\VERSION.dll
0x00007ff809b40000 - 0x00007ff809b49000 	C:\Windows\SYSTEM32\WSOCK32.dll
0x00007ff846b00000 - 0x00007ff846b71000 	C:\Windows\System32\WS2_32.dll
0x00007ff844c30000 - 0x00007ff844c7d000 	C:\Windows\SYSTEM32\POWRPROF.dll
0x00007ff844c10000 - 0x00007ff844c23000 	C:\Windows\SYSTEM32\UMPDC.dll
0x00007ff844ec0000 - 0x00007ff844ed8000 	C:\Windows\SYSTEM32\kernel.appcore.dll
0x00007ff808e20000 - 0x00007ff808e2a000 	C:\Program Files\JetBrains\PyCharm 2023.3.3\jbr\bin\jimage.dll
0x00007ff837cd0000 - 0x00007ff837f03000 	C:\Windows\SYSTEM32\DBGHELP.DLL
0x00007ff846fb0000 - 0x00007ff847338000 	C:\Windows\System32\combase.dll
0x00007ff846b80000 - 0x00007ff846c57000 	C:\Windows\System32\OLEAUT32.dll
0x00007ff82cf10000 - 0x00007ff82cf42000 	C:\Windows\SYSTEM32\dbgcore.DLL
0x00007ff8462c0000 - 0x00007ff846339000 	C:\Windows\System32\bcryptPrimitives.dll
0x00007ff808020000 - 0x00007ff808045000 	C:\Program Files\JetBrains\PyCharm 2023.3.3\jbr\bin\java.dll

dbghelp: loaded successfully - version: 4.0.5 - missing functions: none
symbol engine: initialized successfully - sym options: 0x614 - pdb path: .;C:\Program Files\JetBrains\PyCharm 2023.3.3\jbr\bin;C:\Windows\SYSTEM32;C:\Windows\WinSxS\amd64_microsoft.windows.common-controls_6595b64144ccf1df_6.0.22621.3235_none_270f74e173860f98;C:\Program Files\JetBrains\PyCharm 2023.3.3\jbr\bin\server

VM Arguments:
java_command: git4idea.http.GitAskPassApp Username for 'https://github.com': 
java_class_path (initial): C:/Program Files/JetBrains/PyCharm 2023.3.3/plugins/vcs-git/lib/git4idea-rt.jar;C:/Program Files/JetBrains/PyCharm 2023.3.3/lib/externalProcess-rt.jar
Launcher Type: SUN_STANDARD

[Global flags]
     intx CICompilerCount                          = 12                                        {product} {ergonomic}
     uint ConcGCThreads                            = 3                                         {product} {ergonomic}
     uint G1ConcRefinementThreads                  = 13                                        {product} {ergonomic}
   size_t G1HeapRegionSize                         = 8388608                                   {product} {ergonomic}
    uintx GCDrainStackTargetSize                   = 64                                        {product} {ergonomic}
   size_t InitialHeapSize                          = 1073741824                                {product} {ergonomic}
   size_t MarkStackSize                            = 4194304                                   {product} {ergonomic}
   size_t MaxHeapSize                              = 17163091968                               {product} {ergonomic}
   size_t MinHeapDeltaBytes                        = 8388608                                   {product} {ergonomic}
   size_t MinHeapSize                              = 8388608                                   {product} {ergonomic}
    uintx NonNMethodCodeHeapSize                   = 7602480                                {pd product} {ergonomic}
    uintx NonProfiledCodeHeapSize                  = 122027880                              {pd product} {ergonomic}
    uintx ProfiledCodeHeapSize                     = 122027880                              {pd product} {ergonomic}
    uintx ReservedCodeCacheSize                    = 251658240                              {pd product} {ergonomic}
     bool SegmentedCodeCache                       = true                                      {product} {ergonomic}
   size_t SoftMaxHeapSize                          = 17163091968                            {manageable} {ergonomic}
     bool UseCompressedClassPointers               = true                           {product lp64_product} {ergonomic}
     bool UseCompressedOops                        = true                           {product lp64_product} {ergonomic}
     bool UseG1GC                                  = true                                      {product} {ergonomic}
     bool UseLargePagesIndividualAllocation        = false                                  {pd product} {ergonomic}

Logging:
Log output configuration:
 #0: stdout all=warning uptime,level,tags
 #1: stderr all=off uptime,level,tags

Environment Variables:
PATH=C:/Program Files/Git/mingw64/libexec/git-core;C:/Program Files/Git/mingw64/libexec/git-core;C:\Program Files\Git\mingw64\bin;C:\Program Files\Git\usr\bin;C:\Users\Paul\bin;C:\Users\Paul\anaconda3\envs\py312b;C:\Users\Paul\anaconda3\envs\py312b\Library\mingw-w64\bin;C:\Users\Paul\anaconda3\envs\py312b\Library\usr\bin;C:\Users\Paul\anaconda3\envs\py312b\Library\bin;C:\Users\Paul\anaconda3\envs\py312b\Scripts;C:\Users\Paul\anaconda3\envs\py312b\bin;C:\Users\Paul\anaconda3\condabin;C:\Program Files\NVIDIA GPU Computing Toolkit\CUDA\v11.7\bin;C:\Program Files\NVIDIA GPU Computing Toolkit\CUDA\v11.7\libnvvp;C:\Windows\system32;C:\Windows;C:\Windows\System32\Wbem;C:\Windows\System32\WindowsPowerShell\v1.0;C:\Windows\System32\OpenSSH;C:\Program Files\Git\cmd;C:\Program Files\Docker\Docker\resources\bin;C:\Program Files\NVIDIA Corporation\Nsight Compute 2022.2.0;C:\Program Files (x86)\NVIDIA Corporation\PhysX\Common;C:\Program Files\NVIDIA Corporation\NVIDIA NvDLISR;C:\Users\Paul\AppData\Local\Microsoft\WindowsApps;C:\Program Files\JetBrains\PyCharm 2023.3.3\bin;.;C:\Users\Paul\anaconda3\envs\py312\DLLs;C:\Users\Paul\AppData\Local\GitHubDesktop\bin
USERNAME=Paul
DISPLAY=:0.0
LC_ALL=en_US.UTF-8
TERM=xterm-256color
TMPDIR=C:\Users\Paul\AppData\Local\Temp
OS=Windows_NT
PROCESSOR_IDENTIFIER=AMD64 Family 25 Model 33 Stepping 0, AuthenticAMD
TMP=C:\Users\Paul\AppData\Local\Temp
TEMP=C:\Users\Paul\AppData\Local\Temp



Periodic native trim disabled

JNI global refs:
JNI global refs: 0, weak refs: 0

JNI global refs memory usage: 0, weak refs: 0

OOME stack traces (most recent first):
Classloader memory used:


---------------  S Y S T E M  ---------------

OS:
 Windows 11 , 64 bit Build 22621 (10.0.22621.3374)
OS uptime: 0 days 11:20 hours
Hyper-V role detected

CPU: total 16 (initial active 16) (16 cores per cpu, 2 threads per core) family 25 model 33 stepping 0 microcode 0x0, cx8, cmov, fxsr, ht, mmx, 3dnowpref, sse, sse2, sse3, ssse3, sse4a, sse4.1, sse4.2, popcnt, lzcnt, tsc, tscinvbit, avx, avx2, aes, erms, clmul, bmi1, bmi2, adx, sha, fma, vzeroupper, clflush, clflushopt, hv
Processor Information for all 16 processors :
  Max Mhz: 3801, Current Mhz: 3801, Mhz Limit: 3801

Memory: 4k page, system-wide physical 65441M (18M free)
TotalPageFile size 124948M (AvailPageFile size 479M)
current process WorkingSet (physical memory assigned to process): 11M, peak: 11M
current process commit charge ("private bytes"): 71M, peak: 1095M

vm_info: OpenJDK 64-Bit Server VM (17.0.9+7-b1087.11) for windows-amd64 JRE (17.0.9+7-b1087.11), built on 2024-01-05 by "builduser" with MS VC++ 16.10 / 16.11 (VS2019)

END.
